Name                 Value               
Bob                  50                  
Joe                  100                 
Dude                 200                 
                                         
Steve  300
Page:   1
