  dude sweet  xxxxzzzzzz 12345
  dude sweet  xxxxzzzzzz 12345
  dude sweet  xxxxzzzzzz 12345
  dude sweet  xxxxzzzzzz 12345
  dude sweet  xxxxzzzzzz 12345
