Company,District,Region,Store,Sales     
,,,"Store #1                  ",$1500.00  
,,,"Store #2                  ",$1300.00  
,,,"Store #3                  ",$2000.00  
,,,"Store #4                  ",$1800.00  
,,,"Store #11                 ",$2500.00  
,,,"Store #12                 ",$2300.00  
,,,"Store #13                 ",$3000.00  
,,,"Store #14                 ",$2800.00  
