"Number         ","Name                ","Type      ","Category  "
"10000000006    ","NRS                 ","9999      ","0         "
"10000000008    ","food sales          ","9999      ","0         "
"10000000005    ","overring            ","9999      ","0         "
"10000000007    ","refund              ","9999      ","0         "
"10000000010    ","gift cert sales     ","9999      ","0         "
"10000000011    ","other sales         ","9999      ","0         "
"10000000001    ","EI Sales            ","9999      ","0         "
"10000000002    ","TO Sales            ","9999      ","0         "
"10000000003    ","DT Sales            ","9999      ","0         "
"10000000009    ","nonfood sales       ","9999      ","0         "
"10000000013    ","credits issued      ","9999      ","0         "
"10000000014    ","promo sales         ","9999      ","0         "
"10000000015    ","gift cert redeemed  ","9999      ","0         "
"10000000060    ","reserved            ","9999      ","0         "
