Test Report (Normal) AND THE REPORT FORMAT IS: TXT       3    
Test Report (Bold)
Test Report (Italics)
Test Report (Bold and Italics)
BOO: mike is a 
First Name           Last Name            Color               
Bob                  Doan                 blue                 WRD   WRD   MATCH    MATCH    MATCH    MATCH   
Bob                  Doan                 blue                 TD    TD    NO_MATCH NO_MATCH NO_MATCH NO_MATCH
Terry                Doan                 blue                 WRD   WRD   NO_MATCH NO_MATCH NO_MATCH NO_MATCH
Terry                Doan                 blue                 TD    TD    MATCH    MATCH    MATCH    MATCH   
Eric                 Buruschkin           green                ERB   ERB   MATCH    MATCH    MATCH    MATCH   
Mike                 Roth                 yellow                     ERB   NO_MATCH NO_MATCH NO_MATCH NO_MATCH
Bob                  Kratz                pink                       ERB   NO_MATCH NO_MATCH NO_MATCH NO_MATCH
Steve                Tilden               purple                     ERB   NO_MATCH NO_MATCH NO_MATCH NO_MATCH
Page:   1
