"First Name          ","Last Name           ","Color               "
"Bob                 ","Doan                ","blue                 WRD   WRD   MATCH    MATCH    MATCH    MATCH   "
"Bob                 ","Doan                ","blue                 WRD   TD    MATCH    MATCH    MATCH    MATCH   "
"Terry               ","Doan                ","blue                 TD    WRD   MATCH    MATCH    MATCH    MATCH   "
"Terry               ","Doan                ","blue                 TD    TD    MATCH    MATCH    MATCH    MATCH   "
"Eric                ","Buruschkin          ","green                ERB   ERB   MATCH    MATCH    MATCH    MATCH   "
"Mike                ","Roth                ","yellow                           NO_MATCH NO_MATCH NO_MATCH NO_MATCH"
"Bob                 ","Kratz               ","pink                             NO_MATCH NO_MATCH NO_MATCH NO_MATCH"
"Steve               ","Tilden              ","purple                           NO_MATCH NO_MATCH NO_MATCH NO_MATCH"
