"First Name          ","Last Name           ","Color               "
"1                    Bob                 ","Doan                ","blue                 WRD   MATCH    MATCH    MATCH    MATCH   "
"1                    Terry               ","Doan                ","blue                 TD    MATCH    MATCH    MATCH    MATCH   "
"1                    Eric                ","Buruschkin          ","green                ERB   MATCH    MATCH    MATCH    MATCH   "
"2                    Mike                ","Roth                ","yellow                     NO_MATCH NO_MATCH NO_MATCH NO_MATCH"
"2                    Bob                 ","Kratz               ","pink                       NO_MATCH NO_MATCH NO_MATCH NO_MATCH"
"2                    Steve               ","Tilden              ","purple                     NO_MATCH NO_MATCH NO_MATCH NO_MATCH"
