<?xml version="1.0" encoding="UTF-8"?>
<!DOCTYPE html PUBLIC "-//W3C//DTD XHTML 1.0 Strict//EN"
 "http://www.w3.org/TR/xhtml1/DTD/xhtml1-strict.dtd">
 <html xmlns="http://www.w3.org/1999/xhtml" xml:lang="en" lang="en">
<head>
<style type="text/css">
pre { margin:0; padding:0; margin-top:0; margin-bottom:0; font-size:12pt;}
body { background-color: #ffffff;}
TABLE { border: 0; border-spacing: 0; padding: 0; width:100%; }
</style>
<title>RLIB Report</title></head>
<body>
<div><pre style="font-size: 1pt"><span data-col="0" data-width="47" style="font-size: 13px; ">Test Report (Normal) AND THE REPORT FORMAT IS: </span><span data-col="0" data-width="10" style="font-size: 13px; ">HTML      </span><span data-col="0" data-width="5" style="font-size: 13px; ">3    </span></pre></div>
<div><pre style="font-size: 1pt"><span data-col="0" data-width="18" style="font-size: 13px; font-weight: bold;">Test Report (Bold)</span></pre></div>
<div><pre style="font-size: 1pt"><span data-col="0" data-width="21" style="font-size: 13px; font-style: italic;">Test Report (Italics)</span></pre></div>
<div><pre style="font-size: 1pt"><span data-col="0" data-width="30" style="font-size: 13px; font-weight: bold;font-style: italic;">Test Report (Bold and Italics)</span></pre></div>
<div><pre style="font-size: 1pt"><span data-col="0" data-width="5" style="font-size: 13px; font-weight: bold;font-style: italic;">BOO: </span><span data-col="0" data-width="10" style="font-size: 13px; ">mike is a </span></pre></div>
<table cellspacing="0" cellpadding="0" style="width:100%;"><tr><td style="height:4px; background-color:#ffffff; width:100%"></td></tr></table>
<table><!--start from part table--><tr><!--start from part tr--><td><!--started from part td--><!--start pages across--><table cellspacing="0" cellpadding="0" style="width:100%;"><tr><td style="height:1px; background-color:#000000; width:100%"></td></tr></table>
<div><pre style="font-size: 1pt"><span data-col="1" data-width="20" style="font-size: 11px; background-color: #e5e5e5; ">First Name          </span><span data-col="0" data-width="1" style="font-size: 11px; background-color: #e5e5e5; ">&nbsp;</span><span data-col="2" data-width="20" style="font-size: 11px; background-color: #e5e5e5; ">Last Name           </span><span data-col="0" data-width="1" style="font-size: 11px; background-color: #e5e5e5; ">&nbsp;</span><span data-col="3" data-width="20" style="font-size: 11px; background-color: #e5e5e5; ">Color               </span></pre></div>
<table cellspacing="0" cellpadding="0" style="width:100%;"><tr><td style="height:1px; background-color:#000000; width:100%"></td></tr></table>
<table cellspacing="0" cellpadding="0" style="width:100%;"><tr><td style="height:4px; background-color:#ffffff; width:100%"></td></tr></table>
<div><pre style="font-size: 1pt"><a href="http://www.yahoo.com"><span data-col="1" data-width="20" style="font-size: 11px; background-color: #ffff00; ">Bob                 </span></a><span data-col="0" data-width="1" style="font-size: 11px; background-color: #ffffff; ">&nbsp;</span><a href="http://www.yahoo.com"><span data-col="2" data-width="20" style="font-size: 11px; background-color: #ffff00; ">Doan                </span></a><span data-col="0" data-width="1" style="font-size: 11px; background-color: #ffffff; ">&nbsp;</span><span data-col="3" data-width="20" style="font-size: 11px; background-color: #ffffff; ">blue                </span><span data-col="0" data-width="1" style="font-size: 11px; background-color: #ffffff; ">&nbsp;</span><span data-col="3" data-width="5" style="font-size: 11px; background-color: #ffffff; ">WRD  </span><span data-col="0" data-width="1" style="font-size: 11px; background-color: #ffffff; ">&nbsp;</span><span data-col="3" data-width="8" style="font-size: 11px; background-color: #ffffff; ">MATCH   </span><span data-col="0" data-width="1" style="font-size: 11px; background-color: #ffffff; ">&nbsp;</span><span data-col="3" data-width="8" style="font-size: 11px; background-color: #ffffff; ">MATCH   </span><span data-col="0" data-width="1" style="font-size: 11px; background-color: #ffffff; ">&nbsp;</span><span data-col="3" data-width="8" style="font-size: 11px; background-color: #ffffff; ">MATCH   </span><span data-col="0" data-width="1" style="font-size: 11px; background-color: #ffffff; ">&nbsp;</span><span data-col="3" data-width="8" style="font-size: 11px; background-color: #ffffff; ">MATCH   </span></pre></div>
<div><pre style="font-size: 1pt"><a href="http://www.yahoo.com"><span data-col="1" data-width="20" style="font-size: 11px; background-color: #ffff00; ">Bob                 </span></a><span data-col="0" data-width="1" style="font-size: 11px; background-color: #e5e5e5; ">&nbsp;</span><a href="http://www.yahoo.com"><span data-col="2" data-width="20" style="font-size: 11px; background-color: #ffff00; ">Doan                </span></a><span data-col="0" data-width="1" style="font-size: 11px; background-color: #e5e5e5; ">&nbsp;</span><span data-col="3" data-width="20" style="font-size: 11px; background-color: #e5e5e5; ">blue                </span><span data-col="0" data-width="1" style="font-size: 11px; background-color: #e5e5e5; ">&nbsp;</span><span data-col="3" data-width="5" style="font-size: 11px; background-color: #e5e5e5; ">TD   </span><span data-col="0" data-width="1" style="font-size: 11px; background-color: #e5e5e5; ">&nbsp;</span><span data-col="3" data-width="8" style="font-size: 11px; background-color: #e5e5e5; ">NO_MATCH</span><span data-col="0" data-width="1" style="font-size: 11px; background-color: #e5e5e5; ">&nbsp;</span><span data-col="3" data-width="8" style="font-size: 11px; background-color: #e5e5e5; ">NO_MATCH</span><span data-col="0" data-width="1" style="font-size: 11px; background-color: #e5e5e5; ">&nbsp;</span><span data-col="3" data-width="8" style="font-size: 11px; background-color: #e5e5e5; ">NO_MATCH</span><span data-col="0" data-width="1" style="font-size: 11px; background-color: #e5e5e5; ">&nbsp;</span><span data-col="3" data-width="8" style="font-size: 11px; background-color: #e5e5e5; ">NO_MATCH</span></pre></div>
<div><pre style="font-size: 1pt"><a href="http://www.yahoo.com"><span data-col="1" data-width="20" style="font-size: 11px; background-color: #ffff00; ">Bob                 </span></a><span data-col="0" data-width="1" style="font-size: 11px; background-color: #ffffff; ">&nbsp;</span><a href="http://www.yahoo.com"><span data-col="2" data-width="20" style="font-size: 11px; background-color: #ffff00; ">Doan                </span></a><span data-col="0" data-width="1" style="font-size: 11px; background-color: #ffffff; ">&nbsp;</span><span data-col="3" data-width="20" style="font-size: 11px; background-color: #ffffff; ">blue                </span><span data-col="0" data-width="1" style="font-size: 11px; background-color: #ffffff; ">&nbsp;</span><span data-col="3" data-width="5" style="font-size: 11px; background-color: #ffffff; ">ERB  </span><span data-col="0" data-width="1" style="font-size: 11px; background-color: #ffffff; ">&nbsp;</span><span data-col="3" data-width="8" style="font-size: 11px; background-color: #ffffff; ">NO_MATCH</span><span data-col="0" data-width="1" style="font-size: 11px; background-color: #ffffff; ">&nbsp;</span><span data-col="3" data-width="8" style="font-size: 11px; background-color: #ffffff; ">NO_MATCH</span><span data-col="0" data-width="1" style="font-size: 11px; background-color: #ffffff; ">&nbsp;</span><span data-col="3" data-width="8" style="font-size: 11px; background-color: #ffffff; ">NO_MATCH</span><span data-col="0" data-width="1" style="font-size: 11px; background-color: #ffffff; ">&nbsp;</span><span data-col="3" data-width="8" style="font-size: 11px; background-color: #ffffff; ">NO_MATCH</span></pre></div>
<div><pre style="font-size: 1pt"><a href="http://www.yahoo.com"><span data-col="1" data-width="20" style="font-size: 11px; background-color: #ffff00; ">Terry               </span></a><span data-col="0" data-width="1" style="font-size: 11px; background-color: #e5e5e5; ">&nbsp;</span><a href="http://www.yahoo.com"><span data-col="2" data-width="20" style="font-size: 11px; background-color: #ffff00; ">Doan                </span></a><span data-col="0" data-width="1" style="font-size: 11px; background-color: #e5e5e5; ">&nbsp;</span><span data-col="3" data-width="20" style="font-size: 11px; background-color: #e5e5e5; ">blue                </span><span data-col="0" data-width="1" style="font-size: 11px; background-color: #e5e5e5; ">&nbsp;</span><span data-col="3" data-width="5" style="font-size: 11px; background-color: #e5e5e5; ">WRD  </span><span data-col="0" data-width="1" style="font-size: 11px; background-color: #e5e5e5; ">&nbsp;</span><span data-col="3" data-width="8" style="font-size: 11px; background-color: #e5e5e5; ">NO_MATCH</span><span data-col="0" data-width="1" style="font-size: 11px; background-color: #e5e5e5; ">&nbsp;</span><span data-col="3" data-width="8" style="font-size: 11px; background-color: #e5e5e5; ">NO_MATCH</span><span data-col="0" data-width="1" style="font-size: 11px; background-color: #e5e5e5; ">&nbsp;</span><span data-col="3" data-width="8" style="font-size: 11px; background-color: #e5e5e5; ">NO_MATCH</span><span data-col="0" data-width="1" style="font-size: 11px; background-color: #e5e5e5; ">&nbsp;</span><span data-col="3" data-width="8" style="font-size: 11px; background-color: #e5e5e5; ">NO_MATCH</span></pre></div>
<div><pre style="font-size: 1pt"><a href="http://www.yahoo.com"><span data-col="1" data-width="20" style="font-size: 11px; background-color: #ffff00; ">Terry               </span></a><span data-col="0" data-width="1" style="font-size: 11px; background-color: #ffffff; ">&nbsp;</span><a href="http://www.yahoo.com"><span data-col="2" data-width="20" style="font-size: 11px; background-color: #ffff00; ">Doan                </span></a><span data-col="0" data-width="1" style="font-size: 11px; background-color: #ffffff; ">&nbsp;</span><span data-col="3" data-width="20" style="font-size: 11px; background-color: #ffffff; ">blue                </span><span data-col="0" data-width="1" style="font-size: 11px; background-color: #ffffff; ">&nbsp;</span><span data-col="3" data-width="5" style="font-size: 11px; background-color: #ffffff; ">TD   </span><span data-col="0" data-width="1" style="font-size: 11px; background-color: #ffffff; ">&nbsp;</span><span data-col="3" data-width="8" style="font-size: 11px; background-color: #ffffff; ">MATCH   </span><span data-col="0" data-width="1" style="font-size: 11px; background-color: #ffffff; ">&nbsp;</span><span data-col="3" data-width="8" style="font-size: 11px; background-color: #ffffff; ">MATCH   </span><span data-col="0" data-width="1" style="font-size: 11px; background-color: #ffffff; ">&nbsp;</span><span data-col="3" data-width="8" style="font-size: 11px; background-color: #ffffff; ">MATCH   </span><span data-col="0" data-width="1" style="font-size: 11px; background-color: #ffffff; ">&nbsp;</span><span data-col="3" data-width="8" style="font-size: 11px; background-color: #ffffff; ">MATCH   </span></pre></div>
<div><pre style="font-size: 1pt"><a href="http://www.yahoo.com"><span data-col="1" data-width="20" style="font-size: 11px; background-color: #ffff00; ">Terry               </span></a><span data-col="0" data-width="1" style="font-size: 11px; background-color: #e5e5e5; ">&nbsp;</span><a href="http://www.yahoo.com"><span data-col="2" data-width="20" style="font-size: 11px; background-color: #ffff00; ">Doan                </span></a><span data-col="0" data-width="1" style="font-size: 11px; background-color: #e5e5e5; ">&nbsp;</span><span data-col="3" data-width="20" style="font-size: 11px; background-color: #e5e5e5; ">blue                </span><span data-col="0" data-width="1" style="font-size: 11px; background-color: #e5e5e5; ">&nbsp;</span><span data-col="3" data-width="5" style="font-size: 11px; background-color: #e5e5e5; ">ERB  </span><span data-col="0" data-width="1" style="font-size: 11px; background-color: #e5e5e5; ">&nbsp;</span><span data-col="3" data-width="8" style="font-size: 11px; background-color: #e5e5e5; ">NO_MATCH</span><span data-col="0" data-width="1" style="font-size: 11px; background-color: #e5e5e5; ">&nbsp;</span><span data-col="3" data-width="8" style="font-size: 11px; background-color: #e5e5e5; ">NO_MATCH</span><span data-col="0" data-width="1" style="font-size: 11px; background-color: #e5e5e5; ">&nbsp;</span><span data-col="3" data-width="8" style="font-size: 11px; background-color: #e5e5e5; ">NO_MATCH</span><span data-col="0" data-width="1" style="font-size: 11px; background-color: #e5e5e5; ">&nbsp;</span><span data-col="3" data-width="8" style="font-size: 11px; background-color: #e5e5e5; ">NO_MATCH</span></pre></div>
<div><pre style="font-size: 1pt"><a href="http://www.yahoo.com"><span data-col="1" data-width="20" style="font-size: 11px; background-color: #ffff00; ">Eric                </span></a><span data-col="0" data-width="1" style="font-size: 11px; background-color: #ffffff; ">&nbsp;</span><a href="http://www.yahoo.com"><span data-col="2" data-width="20" style="font-size: 11px; background-color: #ffff00; ">Buruschkin          </span></a><span data-col="0" data-width="1" style="font-size: 11px; background-color: #ffffff; ">&nbsp;</span><span data-col="3" data-width="20" style="font-size: 11px; background-color: #ffffff; ">green               </span><span data-col="0" data-width="1" style="font-size: 11px; background-color: #ffffff; ">&nbsp;</span><span data-col="3" data-width="5" style="font-size: 11px; background-color: #ffffff; ">WRD  </span><span data-col="0" data-width="1" style="font-size: 11px; background-color: #ffffff; ">&nbsp;</span><span data-col="3" data-width="8" style="font-size: 11px; background-color: #ffffff; ">NO_MATCH</span><span data-col="0" data-width="1" style="font-size: 11px; background-color: #ffffff; ">&nbsp;</span><span data-col="3" data-width="8" style="font-size: 11px; background-color: #ffffff; ">NO_MATCH</span><span data-col="0" data-width="1" style="font-size: 11px; background-color: #ffffff; ">&nbsp;</span><span data-col="3" data-width="8" style="font-size: 11px; background-color: #ffffff; ">NO_MATCH</span><span data-col="0" data-width="1" style="font-size: 11px; background-color: #ffffff; ">&nbsp;</span><span data-col="3" data-width="8" style="font-size: 11px; background-color: #ffffff; ">NO_MATCH</span></pre></div>
<div><pre style="font-size: 1pt"><a href="http://www.yahoo.com"><span data-col="1" data-width="20" style="font-size: 11px; background-color: #ffff00; ">Eric                </span></a><span data-col="0" data-width="1" style="font-size: 11px; background-color: #e5e5e5; ">&nbsp;</span><a href="http://www.yahoo.com"><span data-col="2" data-width="20" style="font-size: 11px; background-color: #ffff00; ">Buruschkin          </span></a><span data-col="0" data-width="1" style="font-size: 11px; background-color: #e5e5e5; ">&nbsp;</span><span data-col="3" data-width="20" style="font-size: 11px; background-color: #e5e5e5; ">green               </span><span data-col="0" data-width="1" style="font-size: 11px; background-color: #e5e5e5; ">&nbsp;</span><span data-col="3" data-width="5" style="font-size: 11px; background-color: #e5e5e5; ">TD   </span><span data-col="0" data-width="1" style="font-size: 11px; background-color: #e5e5e5; ">&nbsp;</span><span data-col="3" data-width="8" style="font-size: 11px; background-color: #e5e5e5; ">NO_MATCH</span><span data-col="0" data-width="1" style="font-size: 11px; background-color: #e5e5e5; ">&nbsp;</span><span data-col="3" data-width="8" style="font-size: 11px; background-color: #e5e5e5; ">NO_MATCH</span><span data-col="0" data-width="1" style="font-size: 11px; background-color: #e5e5e5; ">&nbsp;</span><span data-col="3" data-width="8" style="font-size: 11px; background-color: #e5e5e5; ">NO_MATCH</span><span data-col="0" data-width="1" style="font-size: 11px; background-color: #e5e5e5; ">&nbsp;</span><span data-col="3" data-width="8" style="font-size: 11px; background-color: #e5e5e5; ">NO_MATCH</span></pre></div>
<div><pre style="font-size: 1pt"><a href="http://www.yahoo.com"><span data-col="1" data-width="20" style="font-size: 11px; background-color: #ffff00; ">Eric                </span></a><span data-col="0" data-width="1" style="font-size: 11px; background-color: #ffffff; ">&nbsp;</span><a href="http://www.yahoo.com"><span data-col="2" data-width="20" style="font-size: 11px; background-color: #ffff00; ">Buruschkin          </span></a><span data-col="0" data-width="1" style="font-size: 11px; background-color: #ffffff; ">&nbsp;</span><span data-col="3" data-width="20" style="font-size: 11px; background-color: #ffffff; ">green               </span><span data-col="0" data-width="1" style="font-size: 11px; background-color: #ffffff; ">&nbsp;</span><span data-col="3" data-width="5" style="font-size: 11px; background-color: #ffffff; ">ERB  </span><span data-col="0" data-width="1" style="font-size: 11px; background-color: #ffffff; ">&nbsp;</span><span data-col="3" data-width="8" style="font-size: 11px; background-color: #ffffff; ">MATCH   </span><span data-col="0" data-width="1" style="font-size: 11px; background-color: #ffffff; ">&nbsp;</span><span data-col="3" data-width="8" style="font-size: 11px; background-color: #ffffff; ">MATCH   </span><span data-col="0" data-width="1" style="font-size: 11px; background-color: #ffffff; ">&nbsp;</span><span data-col="3" data-width="8" style="font-size: 11px; background-color: #ffffff; ">MATCH   </span><span data-col="0" data-width="1" style="font-size: 11px; background-color: #ffffff; ">&nbsp;</span><span data-col="3" data-width="8" style="font-size: 11px; background-color: #ffffff; ">MATCH   </span></pre></div>
<div><pre style="font-size: 1pt"><a href="http://www.yahoo.com"><span data-col="1" data-width="20" style="font-size: 11px; background-color: #ffff00; ">Mike                </span></a><span data-col="0" data-width="1" style="font-size: 11px; background-color: #e5e5e5; ">&nbsp;</span><a href="http://www.yahoo.com"><span data-col="2" data-width="20" style="font-size: 11px; background-color: #ffff00; ">Roth                </span></a><span data-col="0" data-width="1" style="font-size: 11px; background-color: #e5e5e5; ">&nbsp;</span><span data-col="3" data-width="20" style="font-size: 11px; background-color: #e5e5e5; ">yellow              </span><span data-col="0" data-width="1" style="font-size: 11px; background-color: #e5e5e5; ">&nbsp;</span><span data-col="3" data-width="5" style="font-size: 11px; background-color: #e5e5e5; ">WRD  </span><span data-col="0" data-width="1" style="font-size: 11px; background-color: #e5e5e5; ">&nbsp;</span><span data-col="3" data-width="8" style="font-size: 11px; background-color: #e5e5e5; ">NO_MATCH</span><span data-col="0" data-width="1" style="font-size: 11px; background-color: #e5e5e5; ">&nbsp;</span><span data-col="3" data-width="8" style="font-size: 11px; background-color: #e5e5e5; ">NO_MATCH</span><span data-col="0" data-width="1" style="font-size: 11px; background-color: #e5e5e5; ">&nbsp;</span><span data-col="3" data-width="8" style="font-size: 11px; background-color: #e5e5e5; ">NO_MATCH</span><span data-col="0" data-width="1" style="font-size: 11px; background-color: #e5e5e5; ">&nbsp;</span><span data-col="3" data-width="8" style="font-size: 11px; background-color: #e5e5e5; ">NO_MATCH</span></pre></div>
<div><pre style="font-size: 1pt"><a href="http://www.yahoo.com"><span data-col="1" data-width="20" style="font-size: 11px; background-color: #ffff00; ">Mike                </span></a><span data-col="0" data-width="1" style="font-size: 11px; background-color: #ffffff; ">&nbsp;</span><a href="http://www.yahoo.com"><span data-col="2" data-width="20" style="font-size: 11px; background-color: #ffff00; ">Roth                </span></a><span data-col="0" data-width="1" style="font-size: 11px; background-color: #ffffff; ">&nbsp;</span><span data-col="3" data-width="20" style="font-size: 11px; background-color: #ffffff; ">yellow              </span><span data-col="0" data-width="1" style="font-size: 11px; background-color: #ffffff; ">&nbsp;</span><span data-col="3" data-width="5" style="font-size: 11px; background-color: #ffffff; ">TD   </span><span data-col="0" data-width="1" style="font-size: 11px; background-color: #ffffff; ">&nbsp;</span><span data-col="3" data-width="8" style="font-size: 11px; background-color: #ffffff; ">NO_MATCH</span><span data-col="0" data-width="1" style="font-size: 11px; background-color: #ffffff; ">&nbsp;</span><span data-col="3" data-width="8" style="font-size: 11px; background-color: #ffffff; ">NO_MATCH</span><span data-col="0" data-width="1" style="font-size: 11px; background-color: #ffffff; ">&nbsp;</span><span data-col="3" data-width="8" style="font-size: 11px; background-color: #ffffff; ">NO_MATCH</span><span data-col="0" data-width="1" style="font-size: 11px; background-color: #ffffff; ">&nbsp;</span><span data-col="3" data-width="8" style="font-size: 11px; background-color: #ffffff; ">NO_MATCH</span></pre></div>
<div><pre style="font-size: 1pt"><a href="http://www.yahoo.com"><span data-col="1" data-width="20" style="font-size: 11px; background-color: #ffff00; ">Mike                </span></a><span data-col="0" data-width="1" style="font-size: 11px; background-color: #e5e5e5; ">&nbsp;</span><a href="http://www.yahoo.com"><span data-col="2" data-width="20" style="font-size: 11px; background-color: #ffff00; ">Roth                </span></a><span data-col="0" data-width="1" style="font-size: 11px; background-color: #e5e5e5; ">&nbsp;</span><span data-col="3" data-width="20" style="font-size: 11px; background-color: #e5e5e5; ">yellow              </span><span data-col="0" data-width="1" style="font-size: 11px; background-color: #e5e5e5; ">&nbsp;</span><span data-col="3" data-width="5" style="font-size: 11px; background-color: #e5e5e5; ">ERB  </span><span data-col="0" data-width="1" style="font-size: 11px; background-color: #e5e5e5; ">&nbsp;</span><span data-col="3" data-width="8" style="font-size: 11px; background-color: #e5e5e5; ">NO_MATCH</span><span data-col="0" data-width="1" style="font-size: 11px; background-color: #e5e5e5; ">&nbsp;</span><span data-col="3" data-width="8" style="font-size: 11px; background-color: #e5e5e5; ">NO_MATCH</span><span data-col="0" data-width="1" style="font-size: 11px; background-color: #e5e5e5; ">&nbsp;</span><span data-col="3" data-width="8" style="font-size: 11px; background-color: #e5e5e5; ">NO_MATCH</span><span data-col="0" data-width="1" style="font-size: 11px; background-color: #e5e5e5; ">&nbsp;</span><span data-col="3" data-width="8" style="font-size: 11px; background-color: #e5e5e5; ">NO_MATCH</span></pre></div>
<div><pre style="font-size: 1pt"><a href="http://www.yahoo.com"><span data-col="1" data-width="20" style="font-size: 11px; background-color: #ffff00; ">Bob                 </span></a><span data-col="0" data-width="1" style="font-size: 11px; background-color: #ffffff; ">&nbsp;</span><a href="http://www.yahoo.com"><span data-col="2" data-width="20" style="font-size: 11px; background-color: #ffff00; ">Kratz               </span></a><span data-col="0" data-width="1" style="font-size: 11px; background-color: #ffffff; ">&nbsp;</span><span data-col="3" data-width="20" style="font-size: 11px; background-color: #ffffff; ">pink                </span><span data-col="0" data-width="1" style="font-size: 11px; background-color: #ffffff; ">&nbsp;</span><span data-col="3" data-width="5" style="font-size: 11px; background-color: #ffffff; ">WRD  </span><span data-col="0" data-width="1" style="font-size: 11px; background-color: #ffffff; ">&nbsp;</span><span data-col="3" data-width="8" style="font-size: 11px; background-color: #ffffff; ">NO_MATCH</span><span data-col="0" data-width="1" style="font-size: 11px; background-color: #ffffff; ">&nbsp;</span><span data-col="3" data-width="8" style="font-size: 11px; background-color: #ffffff; ">NO_MATCH</span><span data-col="0" data-width="1" style="font-size: 11px; background-color: #ffffff; ">&nbsp;</span><span data-col="3" data-width="8" style="font-size: 11px; background-color: #ffffff; ">NO_MATCH</span><span data-col="0" data-width="1" style="font-size: 11px; background-color: #ffffff; ">&nbsp;</span><span data-col="3" data-width="8" style="font-size: 11px; background-color: #ffffff; ">NO_MATCH</span></pre></div>
<div><pre style="font-size: 1pt"><a href="http://www.yahoo.com"><span data-col="1" data-width="20" style="font-size: 11px; background-color: #ffff00; ">Bob                 </span></a><span data-col="0" data-width="1" style="font-size: 11px; background-color: #e5e5e5; ">&nbsp;</span><a href="http://www.yahoo.com"><span data-col="2" data-width="20" style="font-size: 11px; background-color: #ffff00; ">Kratz               </span></a><span data-col="0" data-width="1" style="font-size: 11px; background-color: #e5e5e5; ">&nbsp;</span><span data-col="3" data-width="20" style="font-size: 11px; background-color: #e5e5e5; ">pink                </span><span data-col="0" data-width="1" style="font-size: 11px; background-color: #e5e5e5; ">&nbsp;</span><span data-col="3" data-width="5" style="font-size: 11px; background-color: #e5e5e5; ">TD   </span><span data-col="0" data-width="1" style="font-size: 11px; background-color: #e5e5e5; ">&nbsp;</span><span data-col="3" data-width="8" style="font-size: 11px; background-color: #e5e5e5; ">NO_MATCH</span><span data-col="0" data-width="1" style="font-size: 11px; background-color: #e5e5e5; ">&nbsp;</span><span data-col="3" data-width="8" style="font-size: 11px; background-color: #e5e5e5; ">NO_MATCH</span><span data-col="0" data-width="1" style="font-size: 11px; background-color: #e5e5e5; ">&nbsp;</span><span data-col="3" data-width="8" style="font-size: 11px; background-color: #e5e5e5; ">NO_MATCH</span><span data-col="0" data-width="1" style="font-size: 11px; background-color: #e5e5e5; ">&nbsp;</span><span data-col="3" data-width="8" style="font-size: 11px; background-color: #e5e5e5; ">NO_MATCH</span></pre></div>
<div><pre style="font-size: 1pt"><a href="http://www.yahoo.com"><span data-col="1" data-width="20" style="font-size: 11px; background-color: #ffff00; ">Bob                 </span></a><span data-col="0" data-width="1" style="font-size: 11px; background-color: #ffffff; ">&nbsp;</span><a href="http://www.yahoo.com"><span data-col="2" data-width="20" style="font-size: 11px; background-color: #ffff00; ">Kratz               </span></a><span data-col="0" data-width="1" style="font-size: 11px; background-color: #ffffff; ">&nbsp;</span><span data-col="3" data-width="20" style="font-size: 11px; background-color: #ffffff; ">pink                </span><span data-col="0" data-width="1" style="font-size: 11px; background-color: #ffffff; ">&nbsp;</span><span data-col="3" data-width="5" style="font-size: 11px; background-color: #ffffff; ">ERB  </span><span data-col="0" data-width="1" style="font-size: 11px; background-color: #ffffff; ">&nbsp;</span><span data-col="3" data-width="8" style="font-size: 11px; background-color: #ffffff; ">NO_MATCH</span><span data-col="0" data-width="1" style="font-size: 11px; background-color: #ffffff; ">&nbsp;</span><span data-col="3" data-width="8" style="font-size: 11px; background-color: #ffffff; ">NO_MATCH</span><span data-col="0" data-width="1" style="font-size: 11px; background-color: #ffffff; ">&nbsp;</span><span data-col="3" data-width="8" style="font-size: 11px; background-color: #ffffff; ">NO_MATCH</span><span data-col="0" data-width="1" style="font-size: 11px; background-color: #ffffff; ">&nbsp;</span><span data-col="3" data-width="8" style="font-size: 11px; background-color: #ffffff; ">NO_MATCH</span></pre></div>
<div><pre style="font-size: 1pt"><a href="http://www.yahoo.com"><span data-col="1" data-width="20" style="font-size: 11px; background-color: #ffff00; ">Steve               </span></a><span data-col="0" data-width="1" style="font-size: 11px; background-color: #e5e5e5; ">&nbsp;</span><a href="http://www.yahoo.com"><span data-col="2" data-width="20" style="font-size: 11px; background-color: #ffff00; ">Tilden              </span></a><span data-col="0" data-width="1" style="font-size: 11px; background-color: #e5e5e5; ">&nbsp;</span><span data-col="3" data-width="20" style="font-size: 11px; background-color: #e5e5e5; ">purple              </span><span data-col="0" data-width="1" style="font-size: 11px; background-color: #e5e5e5; ">&nbsp;</span><span data-col="3" data-width="5" style="font-size: 11px; background-color: #e5e5e5; ">WRD  </span><span data-col="0" data-width="1" style="font-size: 11px; background-color: #e5e5e5; ">&nbsp;</span><span data-col="3" data-width="8" style="font-size: 11px; background-color: #e5e5e5; ">NO_MATCH</span><span data-col="0" data-width="1" style="font-size: 11px; background-color: #e5e5e5; ">&nbsp;</span><span data-col="3" data-width="8" style="font-size: 11px; background-color: #e5e5e5; ">NO_MATCH</span><span data-col="0" data-width="1" style="font-size: 11px; background-color: #e5e5e5; ">&nbsp;</span><span data-col="3" data-width="8" style="font-size: 11px; background-color: #e5e5e5; ">NO_MATCH</span><span data-col="0" data-width="1" style="font-size: 11px; background-color: #e5e5e5; ">&nbsp;</span><span data-col="3" data-width="8" style="font-size: 11px; background-color: #e5e5e5; ">NO_MATCH</span></pre></div>
<div><pre style="font-size: 1pt"><a href="http://www.yahoo.com"><span data-col="1" data-width="20" style="font-size: 11px; background-color: #ffff00; ">Steve               </span></a><span data-col="0" data-width="1" style="font-size: 11px; background-color: #ffffff; ">&nbsp;</span><a href="http://www.yahoo.com"><span data-col="2" data-width="20" style="font-size: 11px; background-color: #ffff00; ">Tilden              </span></a><span data-col="0" data-width="1" style="font-size: 11px; background-color: #ffffff; ">&nbsp;</span><span data-col="3" data-width="20" style="font-size: 11px; background-color: #ffffff; ">purple              </span><span data-col="0" data-width="1" style="font-size: 11px; background-color: #ffffff; ">&nbsp;</span><span data-col="3" data-width="5" style="font-size: 11px; background-color: #ffffff; ">TD   </span><span data-col="0" data-width="1" style="font-size: 11px; background-color: #ffffff; ">&nbsp;</span><span data-col="3" data-width="8" style="font-size: 11px; background-color: #ffffff; ">NO_MATCH</span><span data-col="0" data-width="1" style="font-size: 11px; background-color: #ffffff; ">&nbsp;</span><span data-col="3" data-width="8" style="font-size: 11px; background-color: #ffffff; ">NO_MATCH</span><span data-col="0" data-width="1" style="font-size: 11px; background-color: #ffffff; ">&nbsp;</span><span data-col="3" data-width="8" style="font-size: 11px; background-color: #ffffff; ">NO_MATCH</span><span data-col="0" data-width="1" style="font-size: 11px; background-color: #ffffff; ">&nbsp;</span><span data-col="3" data-width="8" style="font-size: 11px; background-color: #ffffff; ">NO_MATCH</span></pre></div>
<div><pre style="font-size: 1pt"><a href="http://www.yahoo.com"><span data-col="1" data-width="20" style="font-size: 11px; background-color: #ffff00; ">Steve               </span></a><span data-col="0" data-width="1" style="font-size: 11px; background-color: #e5e5e5; ">&nbsp;</span><a href="http://www.yahoo.com"><span data-col="2" data-width="20" style="font-size: 11px; background-color: #ffff00; ">Tilden              </span></a><span data-col="0" data-width="1" style="font-size: 11px; background-color: #e5e5e5; ">&nbsp;</span><span data-col="3" data-width="20" style="font-size: 11px; background-color: #e5e5e5; ">purple              </span><span data-col="0" data-width="1" style="font-size: 11px; background-color: #e5e5e5; ">&nbsp;</span><span data-col="3" data-width="5" style="font-size: 11px; background-color: #e5e5e5; ">ERB  </span><span data-col="0" data-width="1" style="font-size: 11px; background-color: #e5e5e5; ">&nbsp;</span><span data-col="3" data-width="8" style="font-size: 11px; background-color: #e5e5e5; ">NO_MATCH</span><span data-col="0" data-width="1" style="font-size: 11px; background-color: #e5e5e5; ">&nbsp;</span><span data-col="3" data-width="8" style="font-size: 11px; background-color: #e5e5e5; ">NO_MATCH</span><span data-col="0" data-width="1" style="font-size: 11px; background-color: #e5e5e5; ">&nbsp;</span><span data-col="3" data-width="8" style="font-size: 11px; background-color: #e5e5e5; ">NO_MATCH</span><span data-col="0" data-width="1" style="font-size: 11px; background-color: #e5e5e5; ">&nbsp;</span><span data-col="3" data-width="8" style="font-size: 11px; background-color: #e5e5e5; ">NO_MATCH</span></pre></div>
</td><!--ended from part td--><!--end pages across--></tr><!--ended from part tr--></table><!--ended from part table--><div><pre style="font-size: 1pt"><span data-col="0" data-width="6" style="font-size: 11px; ">Page: </span><span data-col="0" data-width="3" style="font-size: 11px; ">  1</span></pre></div>
</body></html>
