Follower cannot occur twice in the same follower tree!
The first added query cannot be a follower!
Could not find follower!
The first added query cannot be a follower!
Follower cannot occur twice in the same follower tree!
Circular follower!
