"First Name          ","Last Name           ","Color               "
"Bob                 ","Doan                ","blue                       NO_MATCH NO_MATCH NO_MATCH NO_MATCH"
"Terry               ","Doan                ","blue                       NO_MATCH NO_MATCH NO_MATCH NO_MATCH"
"Eric                ","Buruschkin          ","green                      NO_MATCH NO_MATCH NO_MATCH NO_MATCH"
"Mike                ","Roth                ","yellow                     NO_MATCH NO_MATCH NO_MATCH NO_MATCH"
"Bob                 ","Kratz               ","pink                       NO_MATCH NO_MATCH NO_MATCH NO_MATCH"
"Steve               ","Tilden              ","purple                     NO_MATCH NO_MATCH NO_MATCH NO_MATCH"
