%PDF-1.3
%·¾­ª
1 0 obj
<<
/Type /Catalog
/Pages 2 0 R
>>
endobj
2 0 obj
<<
/Type /Pages
/Kids [ 4 0 R ]
/Count 1
>>
endobj
3 0 obj
<<
/Producer (Haru Free PDF Library 2.2.1)
/Title (RLIB Report)
>>
endobj
4 0 obj
<<
/Type /Page
/MediaBox [ 0 0 612 792 ]
/Contents 5 0 R
/Resources <<
/ProcSet [ /PDF /Text /ImageB /ImageC /ImageI ]
/Font <<
/F1 7 0 R
/F2 8 0 R
/F3 9 0 R
/F4 10 0 R
>>
>>
/Parent 2 0 R
/Rotate 270
/Annots [ 11 0 R 12 0 R 13 0 R 14 0 R 15 0 R 16 0 R 17 0 R 18 0 R 19 0 R 20 0 R 21 0 R 22 0 R 23 0 R 24 0 R 25 0 R 26 0 R 27 0 R 28 0 R 29 0 R 30 0 R 31 0 R 32 0 R 33 0 R 34 0 R 35 0 R 36 0 R 37 0 R 38 0 R 39 0 R 40 0 R 41 0 R 42 0 R 43 0 R 44 0 R 45 0 R 46 0 R ]
>>
endobj
5 0 obj
<<
/Length 6 0 R
>>
stream
1 0 0 1 0 792 cm
0 -1 1 0 0 0 cm
/F1 9 Tf
/F1 9 Tf
/F1 9 Tf
/F1 9 Tf
/F1 9 Tf
BT
1 0 0 1 14.4 16.56 Tm
(Page:   1) Tj
ET
/F1 9 Tf
/F1 9 Tf
/F1 9 Tf
/F1 9 Tf
/F1 9 Tf
/F1 11 Tf
BT
1 0 0 1 14.4 589.23999 Tm
(Test Report \050Normal\051 AND THE REPORT FORMAT IS: PDF       3    ) Tj
ET
/F1 9 Tf
/F1 11 Tf
/F2 11 Tf
BT
1 0 0 1 14.4 578.23999 Tm
(Test Report \050Bold\051) Tj
ET
/F1 11 Tf
/F1 9 Tf
/F1 11 Tf
/F3 11 Tf
BT
1 0 0 1 14.4 567.23999 Tm
(Test Report \050Italics\051) Tj
ET
/F1 11 Tf
/F1 9 Tf
/F1 11 Tf
/F2 11 Tf
/F4 11 Tf
BT
1 0 0 1 14.4 556.23999 Tm
(Test Report \050Bold and Italics\051) Tj
ET
/F3 11 Tf
/F1 11 Tf
/F1 9 Tf
/F1 11 Tf
/F2 11 Tf
/F4 11 Tf
BT
1 0 0 1 14.4 545.23999 Tm
(BOO: ) Tj
ET
/F3 11 Tf
/F1 11 Tf
/F1 9 Tf
/F1 11 Tf
BT
1 0 0 1 47.4 545.23999 Tm
(mike is a ) Tj
ET
/F1 9 Tf
/F1 9 Tf
/F1 9 Tf
/F1 9 Tf
/F1 9 Tf
/F1 9 Tf
/F1 9 Tf
/F1 9 Tf
/F1 9 Tf
/F1 9 Tf
/F1 9 Tf
0 0 0 rg
0 0 0 RG
14.4 537.59998 763.20001 0.856 re
f
0.89804 0.89804 0.89804 rg
0.89804 0.89804 0.89804 RG
14.4 528.59998 334.79999 8.856 re
f
0 0 0 rg
0 0 0 RG
BT
1 0 0 1 14.4 530.76001 Tm
(First Name          ) Tj
ET
BT
1 0 0 1 122.4 530.76001 Tm
( Last Name           ) Tj
ET
BT
1 0 0 1 235.8 530.76001 Tm
( ) Tj
ET
BT
1 0 0 1 241.2 530.76001 Tm
(Color               ) Tj
ET
14.4 527.59998 763.20001 0.856 re
f
/F1 9 Tf
/F1 9 Tf
/F1 9 Tf
/F1 9 Tf
/F1 9 Tf
1 1 0 rg
1 1 0 RG
14.4 514.59998 108 8.856 re
f
0 0 0 rg
0 0 0 RG
BT
1 0 0 1 14.4 516.76001 Tm
(Bob                 ) Tj
ET
BT
1 0 0 1 122.4 516.76001 Tm
( ) Tj
ET
1 1 0 rg
1 1 0 RG
127.8 514.59998 108 8.856 re
f
0 0 0 rg
0 0 0 RG
BT
1 0 0 1 127.8 516.76001 Tm
(Doan                ) Tj
ET
BT
1 0 0 1 235.8 516.76001 Tm
( ) Tj
ET
BT
1 0 0 1 241.2 516.76001 Tm
(blue                 WRD   MATCH    MATCH    MATCH   ) Tj
ET
BT
1 0 0 1 527.40002 516.76001 Tm
( ) Tj
ET
BT
1 0 0 1 532.79999 516.76001 Tm
(MATCH   ) Tj
ET
/F1 9 Tf
/F1 9 Tf
/F1 9 Tf
/F1 9 Tf
/F1 9 Tf
1 1 0 rg
1 1 0 RG
14.4 505.60001 108 8.856 re
f
0 0 0 rg
0 0 0 RG
BT
1 0 0 1 14.4 507.76001 Tm
(Bob                 ) Tj
ET
0.89804 0.89804 0.89804 rg
0.89804 0.89804 0.89804 RG
122.4 505.60001 5.4 8.856 re
f
0 0 0 rg
0 0 0 RG
BT
1 0 0 1 122.4 507.76001 Tm
( ) Tj
ET
1 1 0 rg
1 1 0 RG
127.8 505.60001 108 8.856 re
f
0 0 0 rg
0 0 0 RG
BT
1 0 0 1 127.8 507.76001 Tm
(Doan                ) Tj
ET
0.89804 0.89804 0.89804 rg
0.89804 0.89804 0.89804 RG
235.8 505.60001 340.20001 8.856 re
f
0 0 0 rg
0 0 0 RG
BT
1 0 0 1 235.8 507.76001 Tm
( ) Tj
ET
BT
1 0 0 1 241.2 507.76001 Tm
(blue                 TD    NO_MATCH NO_MATCH NO_MATCH) Tj
ET
BT
1 0 0 1 527.40002 507.76001 Tm
( ) Tj
ET
BT
1 0 0 1 532.79999 507.76001 Tm
(NO_MATCH) Tj
ET
/F1 9 Tf
/F1 9 Tf
/F1 9 Tf
/F1 9 Tf
/F1 9 Tf
1 1 0 rg
1 1 0 RG
14.4 496.60001 108 8.856 re
f
0 0 0 rg
0 0 0 RG
BT
1 0 0 1 14.4 498.76001 Tm
(Bob                 ) Tj
ET
BT
1 0 0 1 122.4 498.76001 Tm
( ) Tj
ET
1 1 0 rg
1 1 0 RG
127.8 496.60001 108 8.856 re
f
0 0 0 rg
0 0 0 RG
BT
1 0 0 1 127.8 498.76001 Tm
(Doan                ) Tj
ET
BT
1 0 0 1 235.8 498.76001 Tm
( ) Tj
ET
BT
1 0 0 1 241.2 498.76001 Tm
(blue                 ERB   NO_MATCH NO_MATCH NO_MATCH) Tj
ET
BT
1 0 0 1 527.40002 498.76001 Tm
( ) Tj
ET
BT
1 0 0 1 532.79999 498.76001 Tm
(NO_MATCH) Tj
ET
/F1 9 Tf
/F1 9 Tf
/F1 9 Tf
/F1 9 Tf
/F1 9 Tf
1 1 0 rg
1 1 0 RG
14.4 487.60001 108 8.856 re
f
0 0 0 rg
0 0 0 RG
BT
1 0 0 1 14.4 489.76001 Tm
(Terry               ) Tj
ET
0.89804 0.89804 0.89804 rg
0.89804 0.89804 0.89804 RG
122.4 487.60001 5.4 8.856 re
f
0 0 0 rg
0 0 0 RG
BT
1 0 0 1 122.4 489.76001 Tm
( ) Tj
ET
1 1 0 rg
1 1 0 RG
127.8 487.60001 108 8.856 re
f
0 0 0 rg
0 0 0 RG
BT
1 0 0 1 127.8 489.76001 Tm
(Doan                ) Tj
ET
0.89804 0.89804 0.89804 rg
0.89804 0.89804 0.89804 RG
235.8 487.60001 340.20001 8.856 re
f
0 0 0 rg
0 0 0 RG
BT
1 0 0 1 235.8 489.76001 Tm
( ) Tj
ET
BT
1 0 0 1 241.2 489.76001 Tm
(blue                 WRD   NO_MATCH NO_MATCH NO_MATCH) Tj
ET
BT
1 0 0 1 527.40002 489.76001 Tm
( ) Tj
ET
BT
1 0 0 1 532.79999 489.76001 Tm
(NO_MATCH) Tj
ET
/F1 9 Tf
/F1 9 Tf
/F1 9 Tf
/F1 9 Tf
/F1 9 Tf
1 1 0 rg
1 1 0 RG
14.4 478.60001 108 8.856 re
f
0 0 0 rg
0 0 0 RG
BT
1 0 0 1 14.4 480.76001 Tm
(Terry               ) Tj
ET
BT
1 0 0 1 122.4 480.76001 Tm
( ) Tj
ET
1 1 0 rg
1 1 0 RG
127.8 478.60001 108 8.856 re
f
0 0 0 rg
0 0 0 RG
BT
1 0 0 1 127.8 480.76001 Tm
(Doan                ) Tj
ET
BT
1 0 0 1 235.8 480.76001 Tm
( ) Tj
ET
BT
1 0 0 1 241.2 480.76001 Tm
(blue                 TD    MATCH    MATCH    MATCH   ) Tj
ET
BT
1 0 0 1 527.40002 480.76001 Tm
( ) Tj
ET
BT
1 0 0 1 532.79999 480.76001 Tm
(MATCH   ) Tj
ET
/F1 9 Tf
/F1 9 Tf
/F1 9 Tf
/F1 9 Tf
/F1 9 Tf
1 1 0 rg
1 1 0 RG
14.4 469.60001 108 8.856 re
f
0 0 0 rg
0 0 0 RG
BT
1 0 0 1 14.4 471.76001 Tm
(Terry               ) Tj
ET
0.89804 0.89804 0.89804 rg
0.89804 0.89804 0.89804 RG
122.4 469.60001 5.4 8.856 re
f
0 0 0 rg
0 0 0 RG
BT
1 0 0 1 122.4 471.76001 Tm
( ) Tj
ET
1 1 0 rg
1 1 0 RG
127.8 469.60001 108 8.856 re
f
0 0 0 rg
0 0 0 RG
BT
1 0 0 1 127.8 471.76001 Tm
(Doan                ) Tj
ET
0.89804 0.89804 0.89804 rg
0.89804 0.89804 0.89804 RG
235.8 469.60001 340.20001 8.856 re
f
0 0 0 rg
0 0 0 RG
BT
1 0 0 1 235.8 471.76001 Tm
( ) Tj
ET
BT
1 0 0 1 241.2 471.76001 Tm
(blue                 ERB   NO_MATCH NO_MATCH NO_MATCH) Tj
ET
BT
1 0 0 1 527.40002 471.76001 Tm
( ) Tj
ET
BT
1 0 0 1 532.79999 471.76001 Tm
(NO_MATCH) Tj
ET
/F1 9 Tf
/F1 9 Tf
/F1 9 Tf
/F1 9 Tf
/F1 9 Tf
1 1 0 rg
1 1 0 RG
14.4 460.60001 108 8.856 re
f
0 0 0 rg
0 0 0 RG
BT
1 0 0 1 14.4 462.76001 Tm
(Eric                ) Tj
ET
BT
1 0 0 1 122.4 462.76001 Tm
( ) Tj
ET
1 1 0 rg
1 1 0 RG
127.8 460.60001 108 8.856 re
f
0 0 0 rg
0 0 0 RG
BT
1 0 0 1 127.8 462.76001 Tm
(Buruschkin          ) Tj
ET
BT
1 0 0 1 235.8 462.76001 Tm
( ) Tj
ET
BT
1 0 0 1 241.2 462.76001 Tm
(green                WRD   NO_MATCH NO_MATCH NO_MATCH) Tj
ET
BT
1 0 0 1 527.40002 462.76001 Tm
( ) Tj
ET
BT
1 0 0 1 532.79999 462.76001 Tm
(NO_MATCH) Tj
ET
/F1 9 Tf
/F1 9 Tf
/F1 9 Tf
/F1 9 Tf
/F1 9 Tf
1 1 0 rg
1 1 0 RG
14.4 451.60001 108 8.856 re
f
0 0 0 rg
0 0 0 RG
BT
1 0 0 1 14.4 453.76001 Tm
(Eric                ) Tj
ET
0.89804 0.89804 0.89804 rg
0.89804 0.89804 0.89804 RG
122.4 451.60001 5.4 8.856 re
f
0 0 0 rg
0 0 0 RG
BT
1 0 0 1 122.4 453.76001 Tm
( ) Tj
ET
1 1 0 rg
1 1 0 RG
127.8 451.60001 108 8.856 re
f
0 0 0 rg
0 0 0 RG
BT
1 0 0 1 127.8 453.76001 Tm
(Buruschkin          ) Tj
ET
0.89804 0.89804 0.89804 rg
0.89804 0.89804 0.89804 RG
235.8 451.60001 340.20001 8.856 re
f
0 0 0 rg
0 0 0 RG
BT
1 0 0 1 235.8 453.76001 Tm
( ) Tj
ET
BT
1 0 0 1 241.2 453.76001 Tm
(green                TD    NO_MATCH NO_MATCH NO_MATCH) Tj
ET
BT
1 0 0 1 527.40002 453.76001 Tm
( ) Tj
ET
BT
1 0 0 1 532.79999 453.76001 Tm
(NO_MATCH) Tj
ET
/F1 9 Tf
/F1 9 Tf
/F1 9 Tf
/F1 9 Tf
/F1 9 Tf
1 1 0 rg
1 1 0 RG
14.4 442.60001 108 8.856 re
f
0 0 0 rg
0 0 0 RG
BT
1 0 0 1 14.4 444.76001 Tm
(Eric                ) Tj
ET
BT
1 0 0 1 122.4 444.76001 Tm
( ) Tj
ET
1 1 0 rg
1 1 0 RG
127.8 442.60001 108 8.856 re
f
0 0 0 rg
0 0 0 RG
BT
1 0 0 1 127.8 444.76001 Tm
(Buruschkin          ) Tj
ET
BT
1 0 0 1 235.8 444.76001 Tm
( ) Tj
ET
BT
1 0 0 1 241.2 444.76001 Tm
(green                ERB   MATCH    MATCH    MATCH   ) Tj
ET
BT
1 0 0 1 527.40002 444.76001 Tm
( ) Tj
ET
BT
1 0 0 1 532.79999 444.76001 Tm
(MATCH   ) Tj
ET
/F1 9 Tf
/F1 9 Tf
/F1 9 Tf
/F1 9 Tf
/F1 9 Tf
1 1 0 rg
1 1 0 RG
14.4 433.60001 108 8.856 re
f
0 0 0 rg
0 0 0 RG
BT
1 0 0 1 14.4 435.76001 Tm
(Mike                ) Tj
ET
0.89804 0.89804 0.89804 rg
0.89804 0.89804 0.89804 RG
122.4 433.60001 5.4 8.856 re
f
0 0 0 rg
0 0 0 RG
BT
1 0 0 1 122.4 435.76001 Tm
( ) Tj
ET
1 1 0 rg
1 1 0 RG
127.8 433.60001 108 8.856 re
f
0 0 0 rg
0 0 0 RG
BT
1 0 0 1 127.8 435.76001 Tm
(Roth                ) Tj
ET
0.89804 0.89804 0.89804 rg
0.89804 0.89804 0.89804 RG
235.8 433.60001 340.20001 8.856 re
f
0 0 0 rg
0 0 0 RG
BT
1 0 0 1 235.8 435.76001 Tm
( ) Tj
ET
BT
1 0 0 1 241.2 435.76001 Tm
(yellow               WRD   NO_MATCH NO_MATCH NO_MATCH) Tj
ET
BT
1 0 0 1 527.40002 435.76001 Tm
( ) Tj
ET
BT
1 0 0 1 532.79999 435.76001 Tm
(NO_MATCH) Tj
ET
/F1 9 Tf
/F1 9 Tf
/F1 9 Tf
/F1 9 Tf
/F1 9 Tf
1 1 0 rg
1 1 0 RG
14.4 424.60001 108 8.856 re
f
0 0 0 rg
0 0 0 RG
BT
1 0 0 1 14.4 426.76001 Tm
(Mike                ) Tj
ET
BT
1 0 0 1 122.4 426.76001 Tm
( ) Tj
ET
1 1 0 rg
1 1 0 RG
127.8 424.60001 108 8.856 re
f
0 0 0 rg
0 0 0 RG
BT
1 0 0 1 127.8 426.76001 Tm
(Roth                ) Tj
ET
BT
1 0 0 1 235.8 426.76001 Tm
( ) Tj
ET
BT
1 0 0 1 241.2 426.76001 Tm
(yellow               TD    NO_MATCH NO_MATCH NO_MATCH) Tj
ET
BT
1 0 0 1 527.40002 426.76001 Tm
( ) Tj
ET
BT
1 0 0 1 532.79999 426.76001 Tm
(NO_MATCH) Tj
ET
/F1 9 Tf
/F1 9 Tf
/F1 9 Tf
/F1 9 Tf
/F1 9 Tf
1 1 0 rg
1 1 0 RG
14.4 415.60001 108 8.856 re
f
0 0 0 rg
0 0 0 RG
BT
1 0 0 1 14.4 417.76001 Tm
(Mike                ) Tj
ET
0.89804 0.89804 0.89804 rg
0.89804 0.89804 0.89804 RG
122.4 415.60001 5.4 8.856 re
f
0 0 0 rg
0 0 0 RG
BT
1 0 0 1 122.4 417.76001 Tm
( ) Tj
ET
1 1 0 rg
1 1 0 RG
127.8 415.60001 108 8.856 re
f
0 0 0 rg
0 0 0 RG
BT
1 0 0 1 127.8 417.76001 Tm
(Roth                ) Tj
ET
0.89804 0.89804 0.89804 rg
0.89804 0.89804 0.89804 RG
235.8 415.60001 340.20001 8.856 re
f
0 0 0 rg
0 0 0 RG
BT
1 0 0 1 235.8 417.76001 Tm
( ) Tj
ET
BT
1 0 0 1 241.2 417.76001 Tm
(yellow               ERB   NO_MATCH NO_MATCH NO_MATCH) Tj
ET
BT
1 0 0 1 527.40002 417.76001 Tm
( ) Tj
ET
BT
1 0 0 1 532.79999 417.76001 Tm
(NO_MATCH) Tj
ET
/F1 9 Tf
/F1 9 Tf
/F1 9 Tf
/F1 9 Tf
/F1 9 Tf
1 1 0 rg
1 1 0 RG
14.4 406.60001 108 8.856 re
f
0 0 0 rg
0 0 0 RG
BT
1 0 0 1 14.4 408.76001 Tm
(Bob                 ) Tj
ET
BT
1 0 0 1 122.4 408.76001 Tm
( ) Tj
ET
1 1 0 rg
1 1 0 RG
127.8 406.60001 108 8.856 re
f
0 0 0 rg
0 0 0 RG
BT
1 0 0 1 127.8 408.76001 Tm
(Kratz               ) Tj
ET
BT
1 0 0 1 235.8 408.76001 Tm
( ) Tj
ET
BT
1 0 0 1 241.2 408.76001 Tm
(pink                 WRD   NO_MATCH NO_MATCH NO_MATCH) Tj
ET
BT
1 0 0 1 527.40002 408.76001 Tm
( ) Tj
ET
BT
1 0 0 1 532.79999 408.76001 Tm
(NO_MATCH) Tj
ET
/F1 9 Tf
/F1 9 Tf
/F1 9 Tf
/F1 9 Tf
/F1 9 Tf
1 1 0 rg
1 1 0 RG
14.4 397.60001 108 8.856 re
f
0 0 0 rg
0 0 0 RG
BT
1 0 0 1 14.4 399.76001 Tm
(Bob                 ) Tj
ET
0.89804 0.89804 0.89804 rg
0.89804 0.89804 0.89804 RG
122.4 397.60001 5.4 8.856 re
f
0 0 0 rg
0 0 0 RG
BT
1 0 0 1 122.4 399.76001 Tm
( ) Tj
ET
1 1 0 rg
1 1 0 RG
127.8 397.60001 108 8.856 re
f
0 0 0 rg
0 0 0 RG
BT
1 0 0 1 127.8 399.76001 Tm
(Kratz               ) Tj
ET
0.89804 0.89804 0.89804 rg
0.89804 0.89804 0.89804 RG
235.8 397.60001 340.20001 8.856 re
f
0 0 0 rg
0 0 0 RG
BT
1 0 0 1 235.8 399.76001 Tm
( ) Tj
ET
BT
1 0 0 1 241.2 399.76001 Tm
(pink                 TD    NO_MATCH NO_MATCH NO_MATCH) Tj
ET
BT
1 0 0 1 527.40002 399.76001 Tm
( ) Tj
ET
BT
1 0 0 1 532.79999 399.76001 Tm
(NO_MATCH) Tj
ET
/F1 9 Tf
/F1 9 Tf
/F1 9 Tf
/F1 9 Tf
/F1 9 Tf
1 1 0 rg
1 1 0 RG
14.4 388.60001 108 8.856 re
f
0 0 0 rg
0 0 0 RG
BT
1 0 0 1 14.4 390.76001 Tm
(Bob                 ) Tj
ET
BT
1 0 0 1 122.4 390.76001 Tm
( ) Tj
ET
1 1 0 rg
1 1 0 RG
127.8 388.60001 108 8.856 re
f
0 0 0 rg
0 0 0 RG
BT
1 0 0 1 127.8 390.76001 Tm
(Kratz               ) Tj
ET
BT
1 0 0 1 235.8 390.76001 Tm
( ) Tj
ET
BT
1 0 0 1 241.2 390.76001 Tm
(pink                 ERB   NO_MATCH NO_MATCH NO_MATCH) Tj
ET
BT
1 0 0 1 527.40002 390.76001 Tm
( ) Tj
ET
BT
1 0 0 1 532.79999 390.76001 Tm
(NO_MATCH) Tj
ET
/F1 9 Tf
/F1 9 Tf
/F1 9 Tf
/F1 9 Tf
/F1 9 Tf
1 1 0 rg
1 1 0 RG
14.4 379.60001 108 8.856 re
f
0 0 0 rg
0 0 0 RG
BT
1 0 0 1 14.4 381.76001 Tm
(Steve               ) Tj
ET
0.89804 0.89804 0.89804 rg
0.89804 0.89804 0.89804 RG
122.4 379.60001 5.4 8.856 re
f
0 0 0 rg
0 0 0 RG
BT
1 0 0 1 122.4 381.76001 Tm
( ) Tj
ET
1 1 0 rg
1 1 0 RG
127.8 379.60001 108 8.856 re
f
0 0 0 rg
0 0 0 RG
BT
1 0 0 1 127.8 381.76001 Tm
(Tilden              ) Tj
ET
0.89804 0.89804 0.89804 rg
0.89804 0.89804 0.89804 RG
235.8 379.60001 340.20001 8.856 re
f
0 0 0 rg
0 0 0 RG
BT
1 0 0 1 235.8 381.76001 Tm
( ) Tj
ET
BT
1 0 0 1 241.2 381.76001 Tm
(purple               WRD   NO_MATCH NO_MATCH NO_MATCH) Tj
ET
BT
1 0 0 1 527.40002 381.76001 Tm
( ) Tj
ET
BT
1 0 0 1 532.79999 381.76001 Tm
(NO_MATCH) Tj
ET
/F1 9 Tf
/F1 9 Tf
/F1 9 Tf
/F1 9 Tf
/F1 9 Tf
1 1 0 rg
1 1 0 RG
14.4 370.60001 108 8.856 re
f
0 0 0 rg
0 0 0 RG
BT
1 0 0 1 14.4 372.76001 Tm
(Steve               ) Tj
ET
BT
1 0 0 1 122.4 372.76001 Tm
( ) Tj
ET
1 1 0 rg
1 1 0 RG
127.8 370.60001 108 8.856 re
f
0 0 0 rg
0 0 0 RG
BT
1 0 0 1 127.8 372.76001 Tm
(Tilden              ) Tj
ET
BT
1 0 0 1 235.8 372.76001 Tm
( ) Tj
ET
BT
1 0 0 1 241.2 372.76001 Tm
(purple               TD    NO_MATCH NO_MATCH NO_MATCH) Tj
ET
BT
1 0 0 1 527.40002 372.76001 Tm
( ) Tj
ET
BT
1 0 0 1 532.79999 372.76001 Tm
(NO_MATCH) Tj
ET
/F1 9 Tf
/F1 9 Tf
/F1 9 Tf
/F1 9 Tf
/F1 9 Tf
1 1 0 rg
1 1 0 RG
14.4 361.60001 108 8.856 re
f
0 0 0 rg
0 0 0 RG
BT
1 0 0 1 14.4 363.76001 Tm
(Steve               ) Tj
ET
0.89804 0.89804 0.89804 rg
0.89804 0.89804 0.89804 RG
122.4 361.60001 5.4 8.856 re
f
0 0 0 rg
0 0 0 RG
BT
1 0 0 1 122.4 363.76001 Tm
( ) Tj
ET
1 1 0 rg
1 1 0 RG
127.8 361.60001 108 8.856 re
f
0 0 0 rg
0 0 0 RG
BT
1 0 0 1 127.8 363.76001 Tm
(Tilden              ) Tj
ET
0.89804 0.89804 0.89804 rg
0.89804 0.89804 0.89804 RG
235.8 361.60001 340.20001 8.856 re
f
0 0 0 rg
0 0 0 RG
BT
1 0 0 1 235.8 363.76001 Tm
( ) Tj
ET
BT
1 0 0 1 241.2 363.76001 Tm
(purple               ERB   NO_MATCH NO_MATCH NO_MATCH) Tj
ET
BT
1 0 0 1 527.40002 363.76001 Tm
( ) Tj
ET
BT
1 0 0 1 532.79999 363.76001 Tm
(NO_MATCH) Tj
ET
/F1 9 Tf
/F1 9 Tf
/F1 9 Tf
/F1 9 Tf
/F1 9 Tf
/F1 9 Tf

endstream
endobj
6 0 obj
13381
endobj
7 0 obj
<<
/Type /Font
/BaseFont /Courier
/Subtype /Type1
/Encoding /WinAnsiEncoding
>>
endobj
8 0 obj
<<
/Type /Font
/BaseFont /Courier-Bold
/Subtype /Type1
/Encoding /WinAnsiEncoding
>>
endobj
9 0 obj
<<
/Type /Font
/BaseFont /Courier-Oblique
/Subtype /Type1
/Encoding /WinAnsiEncoding
>>
endobj
10 0 obj
<<
/Type /Font
/BaseFont /Courier-BoldOblique
/Subtype /Type1
/Encoding /WinAnsiEncoding
>>
endobj
11 0 obj
<<
/Rect [ 514.59998 669.59998 523.59998 777.59998 ]
/Type /Annot
/Subtype /Link
/A <<
/Type /Action
/S /URI
/URI (http:\057\057www.yahoo.com)
>>
/P 4 0 R
>>
endobj
12 0 obj
<<
/Rect [ 514.59998 556.20001 523.59998 664.20001 ]
/Type /Annot
/Subtype /Link
/A <<
/Type /Action
/S /URI
/URI (http:\057\057www.yahoo.com)
>>
/P 4 0 R
>>
endobj
13 0 obj
<<
/Rect [ 505.60001 669.59998 514.59998 777.59998 ]
/Type /Annot
/Subtype /Link
/A <<
/Type /Action
/S /URI
/URI (http:\057\057www.yahoo.com)
>>
/P 4 0 R
>>
endobj
14 0 obj
<<
/Rect [ 505.60001 556.20001 514.59998 664.20001 ]
/Type /Annot
/Subtype /Link
/A <<
/Type /Action
/S /URI
/URI (http:\057\057www.yahoo.com)
>>
/P 4 0 R
>>
endobj
15 0 obj
<<
/Rect [ 496.60001 669.59998 505.60001 777.59998 ]
/Type /Annot
/Subtype /Link
/A <<
/Type /Action
/S /URI
/URI (http:\057\057www.yahoo.com)
>>
/P 4 0 R
>>
endobj
16 0 obj
<<
/Rect [ 496.60001 556.20001 505.60001 664.20001 ]
/Type /Annot
/Subtype /Link
/A <<
/Type /Action
/S /URI
/URI (http:\057\057www.yahoo.com)
>>
/P 4 0 R
>>
endobj
17 0 obj
<<
/Rect [ 487.60001 669.59998 496.60001 777.59998 ]
/Type /Annot
/Subtype /Link
/A <<
/Type /Action
/S /URI
/URI (http:\057\057www.yahoo.com)
>>
/P 4 0 R
>>
endobj
18 0 obj
<<
/Rect [ 487.60001 556.20001 496.60001 664.20001 ]
/Type /Annot
/Subtype /Link
/A <<
/Type /Action
/S /URI
/URI (http:\057\057www.yahoo.com)
>>
/P 4 0 R
>>
endobj
19 0 obj
<<
/Rect [ 478.60001 669.59998 487.60001 777.59998 ]
/Type /Annot
/Subtype /Link
/A <<
/Type /Action
/S /URI
/URI (http:\057\057www.yahoo.com)
>>
/P 4 0 R
>>
endobj
20 0 obj
<<
/Rect [ 478.60001 556.20001 487.60001 664.20001 ]
/Type /Annot
/Subtype /Link
/A <<
/Type /Action
/S /URI
/URI (http:\057\057www.yahoo.com)
>>
/P 4 0 R
>>
endobj
21 0 obj
<<
/Rect [ 469.60001 669.59998 478.60001 777.59998 ]
/Type /Annot
/Subtype /Link
/A <<
/Type /Action
/S /URI
/URI (http:\057\057www.yahoo.com)
>>
/P 4 0 R
>>
endobj
22 0 obj
<<
/Rect [ 469.60001 556.20001 478.60001 664.20001 ]
/Type /Annot
/Subtype /Link
/A <<
/Type /Action
/S /URI
/URI (http:\057\057www.yahoo.com)
>>
/P 4 0 R
>>
endobj
23 0 obj
<<
/Rect [ 460.60001 669.59998 469.60001 777.59998 ]
/Type /Annot
/Subtype /Link
/A <<
/Type /Action
/S /URI
/URI (http:\057\057www.yahoo.com)
>>
/P 4 0 R
>>
endobj
24 0 obj
<<
/Rect [ 460.60001 556.20001 469.60001 664.20001 ]
/Type /Annot
/Subtype /Link
/A <<
/Type /Action
/S /URI
/URI (http:\057\057www.yahoo.com)
>>
/P 4 0 R
>>
endobj
25 0 obj
<<
/Rect [ 451.60001 669.59998 460.60001 777.59998 ]
/Type /Annot
/Subtype /Link
/A <<
/Type /Action
/S /URI
/URI (http:\057\057www.yahoo.com)
>>
/P 4 0 R
>>
endobj
26 0 obj
<<
/Rect [ 451.60001 556.20001 460.60001 664.20001 ]
/Type /Annot
/Subtype /Link
/A <<
/Type /Action
/S /URI
/URI (http:\057\057www.yahoo.com)
>>
/P 4 0 R
>>
endobj
27 0 obj
<<
/Rect [ 442.60001 669.59998 451.60001 777.59998 ]
/Type /Annot
/Subtype /Link
/A <<
/Type /Action
/S /URI
/URI (http:\057\057www.yahoo.com)
>>
/P 4 0 R
>>
endobj
28 0 obj
<<
/Rect [ 442.60001 556.20001 451.60001 664.20001 ]
/Type /Annot
/Subtype /Link
/A <<
/Type /Action
/S /URI
/URI (http:\057\057www.yahoo.com)
>>
/P 4 0 R
>>
endobj
29 0 obj
<<
/Rect [ 433.60001 669.59998 442.60001 777.59998 ]
/Type /Annot
/Subtype /Link
/A <<
/Type /Action
/S /URI
/URI (http:\057\057www.yahoo.com)
>>
/P 4 0 R
>>
endobj
30 0 obj
<<
/Rect [ 433.60001 556.20001 442.60001 664.20001 ]
/Type /Annot
/Subtype /Link
/A <<
/Type /Action
/S /URI
/URI (http:\057\057www.yahoo.com)
>>
/P 4 0 R
>>
endobj
31 0 obj
<<
/Rect [ 424.60001 669.59998 433.60001 777.59998 ]
/Type /Annot
/Subtype /Link
/A <<
/Type /Action
/S /URI
/URI (http:\057\057www.yahoo.com)
>>
/P 4 0 R
>>
endobj
32 0 obj
<<
/Rect [ 424.60001 556.20001 433.60001 664.20001 ]
/Type /Annot
/Subtype /Link
/A <<
/Type /Action
/S /URI
/URI (http:\057\057www.yahoo.com)
>>
/P 4 0 R
>>
endobj
33 0 obj
<<
/Rect [ 415.60001 669.59998 424.60001 777.59998 ]
/Type /Annot
/Subtype /Link
/A <<
/Type /Action
/S /URI
/URI (http:\057\057www.yahoo.com)
>>
/P 4 0 R
>>
endobj
34 0 obj
<<
/Rect [ 415.60001 556.20001 424.60001 664.20001 ]
/Type /Annot
/Subtype /Link
/A <<
/Type /Action
/S /URI
/URI (http:\057\057www.yahoo.com)
>>
/P 4 0 R
>>
endobj
35 0 obj
<<
/Rect [ 406.60001 669.59998 415.60001 777.59998 ]
/Type /Annot
/Subtype /Link
/A <<
/Type /Action
/S /URI
/URI (http:\057\057www.yahoo.com)
>>
/P 4 0 R
>>
endobj
36 0 obj
<<
/Rect [ 406.60001 556.20001 415.60001 664.20001 ]
/Type /Annot
/Subtype /Link
/A <<
/Type /Action
/S /URI
/URI (http:\057\057www.yahoo.com)
>>
/P 4 0 R
>>
endobj
37 0 obj
<<
/Rect [ 397.60001 669.59998 406.60001 777.59998 ]
/Type /Annot
/Subtype /Link
/A <<
/Type /Action
/S /URI
/URI (http:\057\057www.yahoo.com)
>>
/P 4 0 R
>>
endobj
38 0 obj
<<
/Rect [ 397.60001 556.20001 406.60001 664.20001 ]
/Type /Annot
/Subtype /Link
/A <<
/Type /Action
/S /URI
/URI (http:\057\057www.yahoo.com)
>>
/P 4 0 R
>>
endobj
39 0 obj
<<
/Rect [ 388.60001 669.59998 397.60001 777.59998 ]
/Type /Annot
/Subtype /Link
/A <<
/Type /Action
/S /URI
/URI (http:\057\057www.yahoo.com)
>>
/P 4 0 R
>>
endobj
40 0 obj
<<
/Rect [ 388.60001 556.20001 397.60001 664.20001 ]
/Type /Annot
/Subtype /Link
/A <<
/Type /Action
/S /URI
/URI (http:\057\057www.yahoo.com)
>>
/P 4 0 R
>>
endobj
41 0 obj
<<
/Rect [ 379.60001 669.59998 388.60001 777.59998 ]
/Type /Annot
/Subtype /Link
/A <<
/Type /Action
/S /URI
/URI (http:\057\057www.yahoo.com)
>>
/P 4 0 R
>>
endobj
42 0 obj
<<
/Rect [ 379.60001 556.20001 388.60001 664.20001 ]
/Type /Annot
/Subtype /Link
/A <<
/Type /Action
/S /URI
/URI (http:\057\057www.yahoo.com)
>>
/P 4 0 R
>>
endobj
43 0 obj
<<
/Rect [ 370.60001 669.59998 379.60001 777.59998 ]
/Type /Annot
/Subtype /Link
/A <<
/Type /Action
/S /URI
/URI (http:\057\057www.yahoo.com)
>>
/P 4 0 R
>>
endobj
44 0 obj
<<
/Rect [ 370.60001 556.20001 379.60001 664.20001 ]
/Type /Annot
/Subtype /Link
/A <<
/Type /Action
/S /URI
/URI (http:\057\057www.yahoo.com)
>>
/P 4 0 R
>>
endobj
45 0 obj
<<
/Rect [ 361.60001 669.59998 370.60001 777.59998 ]
/Type /Annot
/Subtype /Link
/A <<
/Type /Action
/S /URI
/URI (http:\057\057www.yahoo.com)
>>
/P 4 0 R
>>
endobj
46 0 obj
<<
/Rect [ 361.60001 556.20001 370.60001 664.20001 ]
/Type /Annot
/Subtype /Link
/A <<
/Type /Action
/S /URI
/URI (http:\057\057www.yahoo.com)
>>
/P 4 0 R
>>
endobj
xref
0 47
0000000000 65535 f
0000000015 00000 n
0000000064 00000 n
0000000123 00000 n
0000000205 00000 n
0000000688 00000 n
0000014123 00000 n
0000014144 00000 n
0000014239 00000 n
0000014339 00000 n
0000014442 00000 n
0000014550 00000 n
0000014724 00000 n
0000014898 00000 n
0000015072 00000 n
0000015246 00000 n
0000015420 00000 n
0000015594 00000 n
0000015768 00000 n
0000015942 00000 n
0000016116 00000 n
0000016290 00000 n
0000016464 00000 n
0000016638 00000 n
0000016812 00000 n
0000016986 00000 n
0000017160 00000 n
0000017334 00000 n
0000017508 00000 n
0000017682 00000 n
0000017856 00000 n
0000018030 00000 n
0000018204 00000 n
0000018378 00000 n
0000018552 00000 n
0000018726 00000 n
0000018900 00000 n
0000019074 00000 n
0000019248 00000 n
0000019422 00000 n
0000019596 00000 n
0000019770 00000 n
0000019944 00000 n
0000020118 00000 n
0000020292 00000 n
0000020466 00000 n
0000020640 00000 n
trailer
<<
/Root 1 0 R
/Info 3 0 R
/Size 47
>>
startxref
20814
%%EOF
