%PDF-1.3
%·¾­ª
1 0 obj
<<
/Type /Catalog
/Pages 2 0 R
>>
endobj
2 0 obj
<<
/Type /Pages
/Kids [ 4 0 R ]
/Count 1
>>
endobj
3 0 obj
<<
/Producer (Haru Free PDF Library 2.2.1)
/Title (RLIB Report)
>>
endobj
4 0 obj
<<
/Type /Page
/MediaBox [ 0 0 612 792 ]
/Contents 5 0 R
/Resources <<
/ProcSet [ /PDF /Text /ImageB /ImageC /ImageI ]
/Font <<
/F1 7 0 R
>>
>>
/Parent 2 0 R
/Rotate 0
>>
endobj
5 0 obj
<<
/Length 6 0 R
>>
stream
/F1 9 Tf
/F1 9 Tf
/F1 9 Tf
/F1 9 Tf
/F1 9 Tf
/F1 9 Tf
/F1 9 Tf
/F1 9 Tf
/F1 9 Tf
/F1 9 Tf
/F1 9 Tf
/F1 9 Tf
/F1 9 Tf
/F1 9 Tf
/F1 9 Tf
/F1 9 Tf
BT
1 0 0 1 14.4 770.76001 Tm
(Legacy format date string: 01 Fri                                                                   ) Tj
ET
BT
1 0 0 1 14.4 761.76001 Tm
(New style date format string: 01 Fri                                                                ) Tj
ET
BT
1 0 0 1 14.4 752.76001 Tm
(Legacy \050valid\051 number format string - no colon - You have 100 apples                                ) Tj
ET
BT
1 0 0 1 14.4 743.76001 Tm
(Legacy \050valid\051 number format string: You have 100 apples                                            ) Tj
ET
BT
1 0 0 1 14.4 734.76001 Tm
(Legacy \050invalid\051 number format string: 100 \045a                                                       ) Tj
ET
BT
1 0 0 1 14.4 725.76001 Tm
(New style \050invalid\051 number format string: 100 \045a                                                    ) Tj
ET
/F1 9 Tf
/F1 9 Tf
/F1 9 Tf
/F1 9 Tf
/F1 9 Tf
/F1 9 Tf

endstream
endobj
6 0 obj
1056
endobj
7 0 obj
<<
/Type /Font
/BaseFont /Courier
/Subtype /Type1
/Encoding /WinAnsiEncoding
>>
endobj
xref
0 8
0000000000 65535 f
0000000015 00000 n
0000000064 00000 n
0000000123 00000 n
0000000205 00000 n
0000000391 00000 n
0000001501 00000 n
0000001521 00000 n
trailer
<<
/Root 1 0 R
/Info 3 0 R
/Size 8
>>
startxref
1616
%%EOF
