ÁRVÍZTÛRÕ TÜKÖRFÚRÓGÉP
árvíztûrõ tükörfúrógép
Page:   1
