<?xml version="1.0" encoding="UTF-8"?>
<!DOCTYPE html PUBLIC "-//W3C//DTD XHTML 1.0 Strict//EN"
 "http://www.w3.org/TR/xhtml1/DTD/xhtml1-strict.dtd">
 <html xmlns="http://www.w3.org/1999/xhtml" xml:lang="en" lang="en">
<head>
<style type="text/css">
pre { margin:0; padding:0; margin-top:0; margin-bottom:0; font-size:12pt;}
body { background-color: #ffffff;}
TABLE { border: 0; border-spacing: 0; padding: 0; width:100%; }
</style>
<title>RLIB Report</title></head>
<body>
<div><pre style="font-size: 1pt"><span data-col="0" data-width="40" style="font-size: 13px; font-weight: bold;">Hyperinflation salaries in Hungary, 1945</span></pre></div>
<div><pre style="font-size: 1pt"></pre></div>
<div><pre style="font-size: 1pt"><span data-col="0" data-width="10" style="font-size: 11px; ">Total:    </span><span data-col="0" data-width="100" style="font-size: 11px; ">                                              $66666666666666666666666666666666666666666666666666.67</span></pre></div>
<div><pre style="font-size: 1pt"><span data-col="0" data-width="10" style="font-size: 11px; ">&nbsp;         </span><span data-col="0" data-width="100" style="font-size: 11px; ">               *************66.666.666.666.666.666.666.666.666.666.666.666.666.666.666.666.666,67 Ft</span></pre></div>
<div><pre style="font-size: 1pt"><span data-col="0" data-width="10" style="font-size: 11px; ">&nbsp;         </span><span data-col="0" data-width="100" style="font-size: 11px; ">             HUF  *************66.666.666.666.666.666.666.666.666.666.666.666.666.666.666.666.666,67</span></pre></div>
<table><!--start from part table--><tr><!--start from part tr--><td><!--started from part td--><!--start pages across--><div><pre style="font-size: 1pt"><span data-col="0" data-width="10" style="font-size: 11px; ">Date      </span><span data-col="0" data-width="80" style="font-size: 11px; ">Salary in plain number                                                          </span></pre></div>
<div><pre style="font-size: 1pt"><span data-col="0" data-width="10" style="font-size: 11px; ">&nbsp;         </span><span data-col="0" data-width="80" style="font-size: 11px; ">Salary in national currency                                                     </span></pre></div>
<div><pre style="font-size: 1pt"><span data-col="0" data-width="10" style="font-size: 11px; ">&nbsp;         </span><span data-col="0" data-width="80" style="font-size: 11px; ">Salary in international currency                                                </span></pre></div>
<div><pre style="font-size: 1pt"><span data-col="0" data-width="10" style="font-size: 11px; ">1945-01-10</span><span data-col="0" data-width="100" style="font-size: 11px; ">                                              $10101010101010101010101010101010101010101010101010.10</span></pre></div>
<div><pre style="font-size: 1pt"><span data-col="0" data-width="10" style="font-size: 11px; ">&nbsp;         </span><span data-col="0" data-width="100" style="font-size: 11px; ">               *************10.101.010.101.010.101.010.101.010.101.010.101.010.101.010.101.010,10 Ft</span></pre></div>
<div><pre style="font-size: 1pt"><span data-col="0" data-width="10" style="font-size: 11px; ">&nbsp;         </span><span data-col="0" data-width="100" style="font-size: 11px; ">             HUF  *************10.101.010.101.010.101.010.101.010.101.010.101.010.101.010.101.010,10</span></pre></div>
<div><pre style="font-size: 1pt"><span data-col="0" data-width="10" style="font-size: 11px; ">1945-02-10</span><span data-col="0" data-width="100" style="font-size: 11px; ">                                               $1010101010101010101010101010101010101010101010101.01</span></pre></div>
<div><pre style="font-size: 1pt"><span data-col="0" data-width="10" style="font-size: 11px; ">&nbsp;         </span><span data-col="0" data-width="100" style="font-size: 11px; ">               **************1.010.101.010.101.010.101.010.101.010.101.010.101.010.101.010.101,01 Ft</span></pre></div>
<div><pre style="font-size: 1pt"><span data-col="0" data-width="10" style="font-size: 11px; ">&nbsp;         </span><span data-col="0" data-width="100" style="font-size: 11px; ">             HUF  **************1.010.101.010.101.010.101.010.101.010.101.010.101.010.101.010.101,01</span></pre></div>
<div><pre style="font-size: 1pt"><span data-col="0" data-width="10" style="font-size: 11px; ">1945-03-10</span><span data-col="0" data-width="100" style="font-size: 11px; ">                                              $10101010101010101010101010101010101010101010101010.10</span></pre></div>
<div><pre style="font-size: 1pt"><span data-col="0" data-width="10" style="font-size: 11px; ">&nbsp;         </span><span data-col="0" data-width="100" style="font-size: 11px; ">               *************10.101.010.101.010.101.010.101.010.101.010.101.010.101.010.101.010,10 Ft</span></pre></div>
<div><pre style="font-size: 1pt"><span data-col="0" data-width="10" style="font-size: 11px; ">&nbsp;         </span><span data-col="0" data-width="100" style="font-size: 11px; ">             HUF  *************10.101.010.101.010.101.010.101.010.101.010.101.010.101.010.101.010,10</span></pre></div>
<div><pre style="font-size: 1pt"><span data-col="0" data-width="10" style="font-size: 11px; ">1945-04-10</span><span data-col="0" data-width="100" style="font-size: 11px; ">                                               $1010101010101010101010101010101010101010101010101.01</span></pre></div>
<div><pre style="font-size: 1pt"><span data-col="0" data-width="10" style="font-size: 11px; ">&nbsp;         </span><span data-col="0" data-width="100" style="font-size: 11px; ">               **************1.010.101.010.101.010.101.010.101.010.101.010.101.010.101.010.101,01 Ft</span></pre></div>
<div><pre style="font-size: 1pt"><span data-col="0" data-width="10" style="font-size: 11px; ">&nbsp;         </span><span data-col="0" data-width="100" style="font-size: 11px; ">             HUF  **************1.010.101.010.101.010.101.010.101.010.101.010.101.010.101.010.101,01</span></pre></div>
<div><pre style="font-size: 1pt"><span data-col="0" data-width="10" style="font-size: 11px; ">1945-05-10</span><span data-col="0" data-width="100" style="font-size: 11px; ">                                              $10101010101010101010101010101010101010101010101010.10</span></pre></div>
<div><pre style="font-size: 1pt"><span data-col="0" data-width="10" style="font-size: 11px; ">&nbsp;         </span><span data-col="0" data-width="100" style="font-size: 11px; ">               *************10.101.010.101.010.101.010.101.010.101.010.101.010.101.010.101.010,10 Ft</span></pre></div>
<div><pre style="font-size: 1pt"><span data-col="0" data-width="10" style="font-size: 11px; ">&nbsp;         </span><span data-col="0" data-width="100" style="font-size: 11px; ">             HUF  *************10.101.010.101.010.101.010.101.010.101.010.101.010.101.010.101.010,10</span></pre></div>
<div><pre style="font-size: 1pt"><span data-col="0" data-width="10" style="font-size: 11px; ">1945-06-10</span><span data-col="0" data-width="100" style="font-size: 11px; ">                                               $1010101010101010101010101010101010101010101010101.01</span></pre></div>
<div><pre style="font-size: 1pt"><span data-col="0" data-width="10" style="font-size: 11px; ">&nbsp;         </span><span data-col="0" data-width="100" style="font-size: 11px; ">               **************1.010.101.010.101.010.101.010.101.010.101.010.101.010.101.010.101,01 Ft</span></pre></div>
<div><pre style="font-size: 1pt"><span data-col="0" data-width="10" style="font-size: 11px; ">&nbsp;         </span><span data-col="0" data-width="100" style="font-size: 11px; ">             HUF  **************1.010.101.010.101.010.101.010.101.010.101.010.101.010.101.010.101,01</span></pre></div>
<div><pre style="font-size: 1pt"><span data-col="0" data-width="10" style="font-size: 11px; ">1945-07-10</span><span data-col="0" data-width="100" style="font-size: 11px; ">                                              $10101010101010101010101010101010101010101010101010.10</span></pre></div>
<div><pre style="font-size: 1pt"><span data-col="0" data-width="10" style="font-size: 11px; ">&nbsp;         </span><span data-col="0" data-width="100" style="font-size: 11px; ">               *************10.101.010.101.010.101.010.101.010.101.010.101.010.101.010.101.010,10 Ft</span></pre></div>
<div><pre style="font-size: 1pt"><span data-col="0" data-width="10" style="font-size: 11px; ">&nbsp;         </span><span data-col="0" data-width="100" style="font-size: 11px; ">             HUF  *************10.101.010.101.010.101.010.101.010.101.010.101.010.101.010.101.010,10</span></pre></div>
<div><pre style="font-size: 1pt"><span data-col="0" data-width="10" style="font-size: 11px; ">1945-08-10</span><span data-col="0" data-width="100" style="font-size: 11px; ">                                               $1010101010101010101010101010101010101010101010101.01</span></pre></div>
<div><pre style="font-size: 1pt"><span data-col="0" data-width="10" style="font-size: 11px; ">&nbsp;         </span><span data-col="0" data-width="100" style="font-size: 11px; ">               **************1.010.101.010.101.010.101.010.101.010.101.010.101.010.101.010.101,01 Ft</span></pre></div>
<div><pre style="font-size: 1pt"><span data-col="0" data-width="10" style="font-size: 11px; ">&nbsp;         </span><span data-col="0" data-width="100" style="font-size: 11px; ">             HUF  **************1.010.101.010.101.010.101.010.101.010.101.010.101.010.101.010.101,01</span></pre></div>
<div><pre style="font-size: 1pt"><span data-col="0" data-width="10" style="font-size: 11px; ">1945-09-10</span><span data-col="0" data-width="100" style="font-size: 11px; ">                                              $10101010101010101010101010101010101010101010101010.10</span></pre></div>
<div><pre style="font-size: 1pt"><span data-col="0" data-width="10" style="font-size: 11px; ">&nbsp;         </span><span data-col="0" data-width="100" style="font-size: 11px; ">               *************10.101.010.101.010.101.010.101.010.101.010.101.010.101.010.101.010,10 Ft</span></pre></div>
<div><pre style="font-size: 1pt"><span data-col="0" data-width="10" style="font-size: 11px; ">&nbsp;         </span><span data-col="0" data-width="100" style="font-size: 11px; ">             HUF  *************10.101.010.101.010.101.010.101.010.101.010.101.010.101.010.101.010,10</span></pre></div>
<div><pre style="font-size: 1pt"><span data-col="0" data-width="10" style="font-size: 11px; ">1945-10-10</span><span data-col="0" data-width="100" style="font-size: 11px; ">                                               $1010101010101010101010101010101010101010101010101.01</span></pre></div>
<div><pre style="font-size: 1pt"><span data-col="0" data-width="10" style="font-size: 11px; ">&nbsp;         </span><span data-col="0" data-width="100" style="font-size: 11px; ">               **************1.010.101.010.101.010.101.010.101.010.101.010.101.010.101.010.101,01 Ft</span></pre></div>
<div><pre style="font-size: 1pt"><span data-col="0" data-width="10" style="font-size: 11px; ">&nbsp;         </span><span data-col="0" data-width="100" style="font-size: 11px; ">             HUF  **************1.010.101.010.101.010.101.010.101.010.101.010.101.010.101.010.101,01</span></pre></div>
<div><pre style="font-size: 1pt"><span data-col="0" data-width="10" style="font-size: 11px; ">1945-11-10</span><span data-col="0" data-width="100" style="font-size: 11px; ">                                              $10101010101010101010101010101010101010101010101010.10</span></pre></div>
<div><pre style="font-size: 1pt"><span data-col="0" data-width="10" style="font-size: 11px; ">&nbsp;         </span><span data-col="0" data-width="100" style="font-size: 11px; ">               *************10.101.010.101.010.101.010.101.010.101.010.101.010.101.010.101.010,10 Ft</span></pre></div>
<div><pre style="font-size: 1pt"><span data-col="0" data-width="10" style="font-size: 11px; ">&nbsp;         </span><span data-col="0" data-width="100" style="font-size: 11px; ">             HUF  *************10.101.010.101.010.101.010.101.010.101.010.101.010.101.010.101.010,10</span></pre></div>
<div><pre style="font-size: 1pt"><span data-col="0" data-width="10" style="font-size: 11px; ">1945-12-10</span><span data-col="0" data-width="100" style="font-size: 11px; ">                                               $1010101010101010101010101010101010101010101010101.01</span></pre></div>
<div><pre style="font-size: 1pt"><span data-col="0" data-width="10" style="font-size: 11px; ">&nbsp;         </span><span data-col="0" data-width="100" style="font-size: 11px; ">               **************1.010.101.010.101.010.101.010.101.010.101.010.101.010.101.010.101,01 Ft</span></pre></div>
<div><pre style="font-size: 1pt"><span data-col="0" data-width="10" style="font-size: 11px; ">&nbsp;         </span><span data-col="0" data-width="100" style="font-size: 11px; ">             HUF  **************1.010.101.010.101.010.101.010.101.010.101.010.101.010.101.010.101,01</span></pre></div>
<div><pre style="font-size: 1pt"><span data-col="0" data-width="10" style="font-size: 11px; ">Total:    </span><span data-col="0" data-width="100" style="font-size: 11px; ">                                              $66666666666666666666666666666666666666666666666666.67</span></pre></div>
<div><pre style="font-size: 1pt"><span data-col="0" data-width="10" style="font-size: 11px; ">&nbsp;         </span><span data-col="0" data-width="100" style="font-size: 11px; ">               *************66.666.666.666.666.666.666.666.666.666.666.666.666.666.666.666.666,67 Ft</span></pre></div>
<div><pre style="font-size: 1pt"><span data-col="0" data-width="10" style="font-size: 11px; ">&nbsp;         </span><span data-col="0" data-width="100" style="font-size: 11px; ">             HUF  *************66.666.666.666.666.666.666.666.666.666.666.666.666.666.666.666.666,67</span></pre></div>
</td><!--ended from part td--><!--end pages across--></tr><!--ended from part tr--></table><!--ended from part table--></body></html>
