Hyperinflation salaries in Hungary, 1945

Total:                                                  $66666666666666666666666666666666666666666666666666.67
                         *************66.666.666.666.666.666.666.666.666.666.666.666.666.666.666.666.666,67 Ft
                        HUF *************66.666.666.666.666.666.666.666.666.666.666.666.666.666.666.666.666,67
Date      Salary in plain number                                                          
          Salary in national currency                                                     
          Salary in international currency                                                
1945-01-10                                              $10101010101010101010101010101010101010101010101010.10
                         *************10.101.010.101.010.101.010.101.010.101.010.101.010.101.010.101.010,10 Ft
                        HUF *************10.101.010.101.010.101.010.101.010.101.010.101.010.101.010.101.010,10
1945-02-10                                               $1010101010101010101010101010101010101010101010101.01
                         **************1.010.101.010.101.010.101.010.101.010.101.010.101.010.101.010.101,01 Ft
                        HUF **************1.010.101.010.101.010.101.010.101.010.101.010.101.010.101.010.101,01
1945-03-10                                              $10101010101010101010101010101010101010101010101010.10
                         *************10.101.010.101.010.101.010.101.010.101.010.101.010.101.010.101.010,10 Ft
                        HUF *************10.101.010.101.010.101.010.101.010.101.010.101.010.101.010.101.010,10
1945-04-10                                               $1010101010101010101010101010101010101010101010101.01
                         **************1.010.101.010.101.010.101.010.101.010.101.010.101.010.101.010.101,01 Ft
                        HUF **************1.010.101.010.101.010.101.010.101.010.101.010.101.010.101.010.101,01
1945-05-10                                              $10101010101010101010101010101010101010101010101010.10
                         *************10.101.010.101.010.101.010.101.010.101.010.101.010.101.010.101.010,10 Ft
                        HUF *************10.101.010.101.010.101.010.101.010.101.010.101.010.101.010.101.010,10
1945-06-10                                               $1010101010101010101010101010101010101010101010101.01
                         **************1.010.101.010.101.010.101.010.101.010.101.010.101.010.101.010.101,01 Ft
                        HUF **************1.010.101.010.101.010.101.010.101.010.101.010.101.010.101.010.101,01
1945-07-10                                              $10101010101010101010101010101010101010101010101010.10
                         *************10.101.010.101.010.101.010.101.010.101.010.101.010.101.010.101.010,10 Ft
                        HUF *************10.101.010.101.010.101.010.101.010.101.010.101.010.101.010.101.010,10
1945-08-10                                               $1010101010101010101010101010101010101010101010101.01
                         **************1.010.101.010.101.010.101.010.101.010.101.010.101.010.101.010.101,01 Ft
                        HUF **************1.010.101.010.101.010.101.010.101.010.101.010.101.010.101.010.101,01
1945-09-10                                              $10101010101010101010101010101010101010101010101010.10
                         *************10.101.010.101.010.101.010.101.010.101.010.101.010.101.010.101.010,10 Ft
                        HUF *************10.101.010.101.010.101.010.101.010.101.010.101.010.101.010.101.010,10
1945-10-10                                               $1010101010101010101010101010101010101010101010101.01
                         **************1.010.101.010.101.010.101.010.101.010.101.010.101.010.101.010.101,01 Ft
                        HUF **************1.010.101.010.101.010.101.010.101.010.101.010.101.010.101.010.101,01
1945-11-10                                              $10101010101010101010101010101010101010101010101010.10
                         *************10.101.010.101.010.101.010.101.010.101.010.101.010.101.010.101.010,10 Ft
                        HUF *************10.101.010.101.010.101.010.101.010.101.010.101.010.101.010.101.010,10
1945-12-10                                               $1010101010101010101010101010101010101010101010101.01
                         **************1.010.101.010.101.010.101.010.101.010.101.010.101.010.101.010.101,01 Ft
                        HUF **************1.010.101.010.101.010.101.010.101.010.101.010.101.010.101.010.101,01
Total:                                                  $66666666666666666666666666666666666666666666666666.67
                         *************66.666.666.666.666.666.666.666.666.666.666.666.666.666.666.666.666,67 Ft
                        HUF *************66.666.666.666.666.666.666.666.666.666.666.666.666.666.666.666.666,67
