Part Page Header
I love bacon
NO DATA

Test Report 2

NO DATA

Test Report 2

NO DATA
Page:   1
Wheeeeeeeeeeeeeeeeeeeeeeeeeeeeeeeee:   1
