Testing relative path
Below there should be a red A and a blue B


Below there should be a green C and a red D


